******************************************************************************
             TMS320C2000 Linker PC v18.12.4                    
******************************************************************************
>> Linked Sun Feb  2 20:52:00 2020

OUTPUT FILE NAME:   <UART.out>
ENTRY POINT SYMBOL: "_c_int00"  address: 00082f02


MEMORY CONFIGURATION

         name            origin    length      used     unused   attr    fill
----------------------  --------  ---------  --------  --------  ----  --------
PAGE 0:
  RAMM0                 00000122   000002de  00000000  000002de  RWIX
  RAMLS0                00008000   00000800  000000c7  00000739  RWIX
  RAMLS1                00008800   00000800  00000000  00000800  RWIX
  RAMLS2                00009000   00000800  00000000  00000800  RWIX
  RAMLS3                00009800   00000800  00000000  00000800  RWIX
  RAMLS4                0000a000   00000800  00000000  00000800  RWIX
  RAMD0                 0000b000   00000800  00000000  00000800  RWIX
  RAMGS14               0001a000   00001000  00000000  00001000  RWIX
  RAMGS15               0001b000   00000ff8  00000000  00000ff8  RWIX
  BEGIN                 00080000   00000002  00000000  00000002  RWIX
  FLASHA                00080002   00001ffe  00000000  00001ffe  RWIX
  FLASHB                00082000   00002000  00000ff3  0000100d  RWIX
  FLASHC                00084000   00002000  00000000  00002000  RWIX
  FLASHD                00086000   00002000  000000c7  00001f39  RWIX
  FLASHE                00088000   00008000  00000000  00008000  RWIX
  FLASHF                00090000   00008000  0000000f  00007ff1  RWIX
  FLASHG                00098000   00008000  00000000  00008000  RWIX
  FLASHH                000a0000   00008000  00000000  00008000  RWIX
  FLASHI                000a8000   00008000  00000000  00008000  RWIX
  FLASHJ                000b0000   00008000  00000000  00008000  RWIX
  FLASHK                000b8000   00002000  00000000  00002000  RWIX
  FLASHL                000ba000   00002000  00000000  00002000  RWIX
  FLASHM                000bc000   00002000  00000000  00002000  RWIX
  FLASHN                000be000   00001ff0  00000000  00001ff0  RWIX
  RESET                 003fffc0   00000002  00000000  00000002  RWIX

PAGE 1:
  BOOT_RSVD             00000002   00000121  00000000  00000121  RWIX
  RAMM1                 00000400   000003f8  00000200  000001f8  RWIX
  ADCA_RESULT           00000b00   00000020  00000000  00000020  RWIX
  ADCB_RESULT           00000b20   00000020  00000000  00000020  RWIX
  ADCC_RESULT           00000b40   00000020  00000000  00000020  RWIX
  ADCD_RESULT           00000b60   00000020  00000000  00000020  RWIX
  CPU_TIMER0            00000c00   00000008  00000000  00000008  RWIX
  CPU_TIMER1            00000c08   00000008  00000000  00000008  RWIX
  CPU_TIMER2            00000c10   00000008  00000000  00000008  RWIX
  PIE_CTRL              00000ce0   00000020  00000000  00000020  RWIX
  PIE_VECT              00000d00   00000200  00000000  00000200  RWIX
  DMA                   00001000   00000200  00000000  00000200  RWIX
  CLA1                  00001400   00000040  00000000  00000040  RWIX
  EPWM1                 00004000   00000100  00000000  00000100  RWIX
  EPWM2                 00004100   00000100  00000000  00000100  RWIX
  EPWM3                 00004200   00000100  00000000  00000100  RWIX
  EPWM4                 00004300   00000100  00000000  00000100  RWIX
  EPWM5                 00004400   00000100  00000000  00000100  RWIX
  EPWM6                 00004500   00000100  00000000  00000100  RWIX
  EPWM7                 00004600   00000100  00000000  00000100  RWIX
  EPWM8                 00004700   00000100  00000000  00000100  RWIX
  EPWM9                 00004800   00000100  00000000  00000100  RWIX
  EPWM10                00004900   00000100  00000000  00000100  RWIX
  EPWM11                00004a00   00000100  00000000  00000100  RWIX
  EPWM12                00004b00   00000100  00000000  00000100  RWIX
  ECAP1                 00005000   00000020  00000000  00000020  RWIX
  ECAP2                 00005020   00000020  00000000  00000020  RWIX
  ECAP3                 00005040   00000020  00000000  00000020  RWIX
  ECAP4                 00005060   00000020  00000000  00000020  RWIX
  ECAP5                 00005080   00000020  00000000  00000020  RWIX
  ECAP6                 000050a0   00000020  00000000  00000020  RWIX
  EQEP1                 00005100   00000040  00000000  00000040  RWIX
  EQEP2                 00005140   00000040  00000000  00000040  RWIX
  EQEP3                 00005180   00000040  00000000  00000040  RWIX
  DACA                  00005c00   00000010  00000000  00000010  RWIX
  DACB                  00005c10   00000010  00000000  00000010  RWIX
  DACC                  00005c20   00000010  00000000  00000010  RWIX
  CMPSS1                00005c80   00000020  00000000  00000020  RWIX
  CMPSS2                00005ca0   00000020  00000000  00000020  RWIX
  CMPSS3                00005cc0   00000020  00000000  00000020  RWIX
  CMPSS4                00005ce0   00000020  00000000  00000020  RWIX
  CMPSS5                00005d00   00000020  00000000  00000020  RWIX
  CMPSS6                00005d20   00000020  00000000  00000020  RWIX
  CMPSS7                00005d40   00000020  00000000  00000020  RWIX
  CMPSS8                00005d60   00000020  00000000  00000020  RWIX
  SDFM1                 00005e00   00000080  00000000  00000080  RWIX
  SDFM2                 00005e80   00000080  00000000  00000080  RWIX
  MCBSPA                00006000   00000040  00000000  00000040  RWIX
  MCBSPB                00006040   00000040  00000000  00000040  RWIX
  SPIA                  00006100   00000010  00000000  00000010  RWIX
  SPIB                  00006110   00000010  00000000  00000010  RWIX
  SPIC                  00006120   00000010  00000000  00000010  RWIX
  SPID                  00006130   00000010  00000000  00000010  RWIX
  UPP                   00006200   00000100  00000000  00000100  RWIX
  WD                    00007000   00000040  00000000  00000040  RWIX
  NMIINTRUPT            00007060   00000010  00000000  00000010  RWIX
  XINT                  00007070   00000010  00000000  00000010  RWIX
  SCIA                  00007200   00000010  00000000  00000010  RWIX
  SCIB                  00007210   00000010  00000000  00000010  RWIX
  SCIC                  00007220   00000010  00000000  00000010  RWIX
  SCID                  00007230   00000010  00000000  00000010  RWIX
  I2CA                  00007300   00000040  00000000  00000040  RWIX
  I2CB                  00007340   00000040  00000000  00000040  RWIX
  ADCA                  00007400   00000080  00000000  00000080  RWIX
  ADCB                  00007480   00000080  00000000  00000080  RWIX
  ADCC                  00007500   00000080  00000000  00000080  RWIX
  ADCD                  00007580   00000080  00000000  00000080  RWIX
  INPUT_XBAR            00007900   00000020  00000000  00000020  RWIX
  XBAR                  00007920   00000020  00000000  00000020  RWIX
  SYNC_SOC              00007940   00000010  00000000  00000010  RWIX
  DMACLASRCSEL          00007980   00000040  00000000  00000040  RWIX
  EPWM_XBAR             00007a00   00000040  00000000  00000040  RWIX
  CLB_XBAR              00007a40   00000040  00000000  00000040  RWIX
  OUTPUT_XBAR           00007a80   00000040  00000000  00000040  RWIX
  GPIOCTRL              00007c00   00000180  00000000  00000180  RWIX
  GPIODAT               00007f00   00000030  00000000  00000030  RWIX
  RAMLS5                0000a800   00000800  0000001a  000007e6  RWIX
  RAMD1                 0000b800   00000800  00000000  00000800  RWIX
  RAMGS0                0000c000   00001000  00000000  00001000  RWIX
  RAMGS1                0000d000   00001000  00000000  00001000  RWIX
  RAMGS2                0000e000   00001000  00000000  00001000  RWIX
  RAMGS3                0000f000   00001000  00000000  00001000  RWIX
  RAMGS4                00010000   00001000  00000000  00001000  RWIX
  RAMGS5                00011000   00001000  00000000  00001000  RWIX
  RAMGS6                00012000   00001000  00000000  00001000  RWIX
  RAMGS7                00013000   00001000  00000000  00001000  RWIX
  RAMGS8                00014000   00001000  00000000  00001000  RWIX
  RAMGS9                00015000   00001000  00000000  00001000  RWIX
  RAMGS10               00016000   00001000  00000000  00001000  RWIX
  RAMGS11               00017000   00001000  00000000  00001000  RWIX
  RAMGS12               00018000   00001000  00000000  00001000  RWIX
  RAMGS13               00019000   00001000  00000000  00001000  RWIX
  CPU2TOCPU1RAM         0003f800   00000400  00000000  00000400  RWIX
  CPU1TOCPU2RAM         0003fc00   00000400  00000000  00000400  RWIX
  EMIF1                 00047000   00000800  00000000  00000800  RWIX
  EMIF2                 00047800   00000800  00000000  00000800  RWIX
  CANA                  00048000   00000800  00000000  00000800  RWIX
  CANB                  0004a000   00000800  00000000  00000800  RWIX
  IPC                   00050000   00000024  00000000  00000024  RWIX
  FLASHPUMPSEMAPHORE    00050024   00000002  00000000  00000002  RWIX
  DEV_CFG               0005d000   00000180  00000000  00000180  RWIX
  ANALOG_SUBSYS         0005d180   00000080  00000000  00000080  RWIX
  CLK_CFG               0005d200   00000100  00000000  00000100  RWIX
  CPU_SYS               0005d300   00000100  00000000  00000100  RWIX
  ROMPREFETCH           0005e608   00000002  00000000  00000002  RWIX
  DCSM_Z1               0005f000   00000030  00000000  00000030  RWIX
  DCSM_Z2               0005f040   00000030  00000000  00000030  RWIX
  DCSM_COMMON           0005f070   00000010  00000000  00000010  RWIX
  MEMCFG                0005f400   00000080  00000000  00000080  RWIX
  EMIF1CONFIG           0005f480   00000020  00000000  00000020  RWIX
  EMIF2CONFIG           0005f4a0   00000020  00000000  00000020  RWIX
  ACCESSPROTECTION      0005f4c0   00000040  00000000  00000040  RWIX
  MEMORYERROR           0005f500   00000040  00000000  00000040  RWIX
  ROMWAITSTATE          0005f540   00000002  00000000  00000002  RWIX
  FLASH0_CTRL           0005f800   00000300  00000000  00000300  RWIX
  FLASH0_ECC            0005fb00   00000040  00000000  00000040  RWIX


SECTION ALLOCATION MAP

 output                                  attributes/
section   page    origin      length       input sections
--------  ----  ----------  ----------   ----------------
.cinit     0    00082000    00000041     
                  00082000    0000000f     device.obj (.cinit)
                  0008200f    0000000f     uart.obj (.cinit)
                  0008201e    0000000e     rts2800_fpu32.lib : exit.c.obj (.cinit)
                  0008202c    00000009     main.obj (.cinit)
                  00082035    00000005     rts2800_fpu32.lib : _lock.c.obj (.cinit:__lock)
                  0008203a    00000005                       : _lock.c.obj (.cinit:__unlock)
                  0008203f    00000002     --HOLE-- [fill = 0]

.stack     1    00000400    00000200     UNINITIALIZED
                  00000400    00000200     --HOLE--

.reset     0    003fffc0    00000002     DSECT
                  003fffc0    00000002     rts2800_fpu32.lib : boot28.asm.obj (.reset)

.pinit     0    00082000    00000000     UNINITIALIZED

.TI.ramfunc 
*          0    00086000    000000c7     RUN ADDR = 00008000
                  00086000    000000c3     flash.obj (.TI.ramfunc)
                  000860c3    00000004     sysctl.obj (.TI.ramfunc)

GETBUFFER 
*          0    0003f800    00000000     DSECT

GETWRITEIDX 
*          0    0003f800    00000000     DSECT

PUTREADIDX 
*          0    0003f800    00000000     DSECT

Cla1SoftIntRegsFile 
*          1    00000ce0    00000000     DSECT

.text      0    00082048    00000fb2     
                  00082048    000004ac     sysctl.obj (.text)
                  000824f4    0000022a     device.obj (.text)
                  0008271e    000001f0     sci.obj (.text)
                  0008290e    000001eb     gpio.obj (.text)
                  00082af9    00000187     interrupt.obj (.text)
                  00082c80    000000f8     uart.obj (.text)
                  00082d78    00000095     uart.obj (.text:retain)
                  00082e0d    00000088     rts2800_fpu32.lib : fs_div28.asm.obj (.text)
                  00082e95    0000006d     main.obj (.text)
                  00082f02    00000056     rts2800_fpu32.lib : boot28.asm.obj (.text)
                  00082f58    00000029                       : exit.c.obj (.text)
                  00082f81    00000024                       : cpy_tbl.c.obj (.text)
                  00082fa5    0000001d                       : memcpy.c.obj (.text)
                  00082fc2    00000019                       : args_main.c.obj (.text)
                  00082fdb    00000013     flash.obj (.text)
                  00082fee    00000009     rts2800_fpu32.lib : _lock.c.obj (.text)
                  00082ff7    00000002                       : pre_init.c.obj (.text)
                  00082ff9    00000001                       : startup.c.obj (.text)

.econst    0    00090000    0000000f     
                  00090000    0000000c     uart.obj (.econst:.string)
                  0009000c    00000003     main.obj (.econst:.string)

.ebss      1    0000a800    0000001a     UNINITIALIZED
                  0000a800    00000006     device.obj (.ebss)
                  0000a806    00000006     rts2800_fpu32.lib : exit.c.obj (.ebss)
                  0000a80c    00000006     uart.obj (.ebss)
                  0000a812    00000004     main.obj (.ebss)
                  0000a816    00000002     rts2800_fpu32.lib : _lock.c.obj (.ebss:__lock)
                  0000a818    00000002                       : _lock.c.obj (.ebss:__unlock)

MODULE SUMMARY

       Module             code   initialized data   uninitialized data
       ------             ----   ----------------   ------------------
    .\
       main.obj           109    12                 4                 
    +--+------------------+------+------------------+--------------------+
       Total:             109    12                 4                 
                                                                      
    .\DRIVER\
       sysctl.obj         1204   0                  0                 
       device.obj         554    15                 6                 
       sci.obj            496    0                  0                 
       gpio.obj           491    0                  0                 
       flash.obj          409    0                  0                 
       interrupt.obj      391    0                  0                 
    +--+------------------+------+------------------+--------------------+
       Total:             3545   15                 6                 
                                                                      
    .\UART\
       uart.obj           397    27                 6                 
    +--+------------------+------+------------------+--------------------+
       Total:             397    27                 6                 
                                                                      
    C:\ti\ccs930\ccs\tools\compiler\ti-cgt-c2000_18.12.4.LTS\lib\rts2800_fpu32.lib
       fs_div28.asm.obj   136    0                  0                 
       boot28.asm.obj     86     0                  0                 
       exit.c.obj         41     14                 6                 
       cpy_tbl.c.obj      36     0                  0                 
       memcpy.c.obj       29     0                  0                 
       args_main.c.obj    25     0                  0                 
       _lock.c.obj        9      10                 4                 
       pre_init.c.obj     2      0                  0                 
       startup.c.obj      1      0                  0                 
    +--+------------------+------+------------------+--------------------+
       Total:             365    24                 10                
                                                                      
       Stack:             0      0                  512               
    +--+------------------+------+------------------+--------------------+
       Grand Total:       4416   78                 538               


GLOBAL DATA SYMBOLS: SORTED BY DATA PAGE

address     data page           name
--------    ----------------    ----
00000400      10 (00000400)     __stack

0000a800     2a0 (0000a800)     _Example_Result
0000a802     2a0 (0000a800)     _Example_PassCount
0000a804     2a0 (0000a800)     _Example_Fail
0000a806     2a0 (0000a800)     ___TI_enable_exit_profile_output
0000a808     2a0 (0000a800)     ___TI_cleanup_ptr
0000a80a     2a0 (0000a800)     ___TI_dtors_ptr
0000a80c     2a0 (0000a800)     _count_rx
0000a80e     2a0 (0000a800)     _count_tx
0000a810     2a0 (0000a800)     _c
0000a812     2a0 (0000a800)     _Test_FIFO
0000a814     2a0 (0000a800)     _s
0000a816     2a0 (0000a800)     __lock
0000a818     2a0 (0000a800)     __unlock


GLOBAL SYMBOLS: SORTED ALPHABETICALLY BY Name 

page  address   name                                      
----  -------   ----                                      
abs   ffffffff  .text                                     
0     00082f58  C$$EXIT                                   
0     00082e0d  FS$$DIV                                   
0     000826db  _Device_configureTMXAnalogTrim            
0     0008257f  _Device_enableAllPeripherals              
0     000826c5  _Device_enableUnbondedGPIOPullups         
0     000826a2  _Device_enableUnbondedGPIOPullupsFor100Pin
0     0008268b  _Device_enableUnbondedGPIOPullupsFor176Pin
0     0008254e  _Device_init                              
0     0008266a  _Device_initGPIO                          
1     0000a804  _Example_Fail                             
1     0000a802  _Example_PassCount                        
1     0000a800  _Example_Result                           
0     0008271d  _Example_done                             
0     00082718  _Example_setResultFail                    
0     00082713  _Example_setResultPass                    
0     0000808c  _Flash_initModule                         
0     000080b3  _Flash_powerDown                          
0     00082942  _GPIO_getDirectionMode                    
0     000829cb  _GPIO_getPadConfig                        
0     00082a2b  _GPIO_getQualificationMode                
0     00082a9a  _GPIO_setAnalogMode                       
0     0008291b  _GPIO_setDirectionMode                    
0     00082958  _GPIO_setInterruptPin                     
0     00082a6e  _GPIO_setMasterCore                       
0     00082983  _GPIO_setPadConfig                        
0     00082ac2  _GPIO_setPinConfig                        
0     000829ff  _GPIO_setQualificationMode                
0     00082a4c  _GPIO_setQualificationPeriod              
0     00082c35  _Interrupt_disable                        
0     00082c01  _Interrupt_enable                         
0     00082ba4  _Interrupt_initModule                     
0     00082be1  _Interrupt_initVectorTable                
0     00082edc  _LED_Init                                 
0     000860c7  _RamfuncsLoadEnd                          
abs   000000c7  _RamfuncsLoadSize                         
0     00086000  _RamfuncsLoadStart                        
0     000080c7  _RamfuncsRunEnd                           
abs   000000c7  _RamfuncsRunSize                          
0     00008000  _RamfuncsRunStart                         
0     000828d3  _SCI_clearInterruptStatus                 
0     00082855  _SCI_disableInterrupt                     
0     0008281a  _SCI_enableInterrupt                      
0     00082890  _SCI_getInterruptStatus                   
0     000827e9  _SCI_readCharArray                        
0     0008278e  _SCI_setConfig                            
0     000827b2  _SCI_writeCharArray                       
0     000080c3  _SysCtl_delay                             
0     000820ad  _SysCtl_getAuxClock                       
0     0008205c  _SysCtl_getClock                          
0     0008248c  _SysCtl_getDeviceParametric               
0     00082472  _SysCtl_getLowSpeedClock                  
0     00082443  _SysCtl_selectOscSource                   
0     00082302  _SysCtl_setAuxClock                       
0     000820ee  _SysCtl_setClock                          
1     0000a812  _Test_FIFO                                
0     00082cfe  _UART1_Init                               
0     00082d78  _UART1_RX                                 
0     00082dc9  _UART1_TX                                 
1     00000600  __STACK_END                               
abs   00000200  __STACK_SIZE                              
1     0000a808  ___TI_cleanup_ptr                         
1     0000a80a  ___TI_dtors_ptr                           
1     0000a806  ___TI_enable_exit_profile_output          
abs   ffffffff  ___TI_pprof_out_hndl                      
abs   ffffffff  ___TI_prof_data_size                      
abs   ffffffff  ___TI_prof_data_start                     
abs   ffffffff  ___binit__                                
abs   ffffffff  ___c_args__                               
0     00082000  ___cinit__                                
0     0008270c  ___error__                                
abs   ffffffff  ___etext__                                
abs   ffffffff  ___pinit__                                
abs   ffffffff  ___text__                                 
0     00082fc2  __args_main                               
1     0000a816  __lock                                    
0     00082ff6  __nop                                     
0     00082ff2  __register_lock                           
0     00082fee  __register_unlock                         
1     00000400  __stack                                   
0     00082ff9  __system_post_cinit                       
0     00082ff7  __system_pre_init                         
1     0000a818  __unlock                                  
0     00082f58  _abort                                    
1     0000a810  _c                                        
0     00082f02  _c_int00                                  
0     00082f81  _copy_in                                  
1     0000a80c  _count_rx                                 
1     0000a80e  _count_tx                                 
0     00082f5a  _exit                                     
0     00082eb8  _main                                     
0     00082fa5  _memcpy                                   
1     0000a814  _s                                        
abs   ffffffff  binit                                     
0     00082000  cinit                                     
abs   ffffffff  etext                                     
abs   ffffffff  pinit                                     


GLOBAL SYMBOLS: SORTED BY Symbol Address 

page  address   name                                      
----  -------   ----                                      
0     00008000  _RamfuncsRunStart                         
0     0000808c  _Flash_initModule                         
0     000080b3  _Flash_powerDown                          
0     000080c3  _SysCtl_delay                             
0     000080c7  _RamfuncsRunEnd                           
0     00082000  ___cinit__                                
0     00082000  cinit                                     
0     0008205c  _SysCtl_getClock                          
0     000820ad  _SysCtl_getAuxClock                       
0     000820ee  _SysCtl_setClock                          
0     00082302  _SysCtl_setAuxClock                       
0     00082443  _SysCtl_selectOscSource                   
0     00082472  _SysCtl_getLowSpeedClock                  
0     0008248c  _SysCtl_getDeviceParametric               
0     0008254e  _Device_init                              
0     0008257f  _Device_enableAllPeripherals              
0     0008266a  _Device_initGPIO                          
0     0008268b  _Device_enableUnbondedGPIOPullupsFor176Pin
0     000826a2  _Device_enableUnbondedGPIOPullupsFor100Pin
0     000826c5  _Device_enableUnbondedGPIOPullups         
0     000826db  _Device_configureTMXAnalogTrim            
0     0008270c  ___error__                                
0     00082713  _Example_setResultPass                    
0     00082718  _Example_setResultFail                    
0     0008271d  _Example_done                             
0     0008278e  _SCI_setConfig                            
0     000827b2  _SCI_writeCharArray                       
0     000827e9  _SCI_readCharArray                        
0     0008281a  _SCI_enableInterrupt                      
0     00082855  _SCI_disableInterrupt                     
0     00082890  _SCI_getInterruptStatus                   
0     000828d3  _SCI_clearInterruptStatus                 
0     0008291b  _GPIO_setDirectionMode                    
0     00082942  _GPIO_getDirectionMode                    
0     00082958  _GPIO_setInterruptPin                     
0     00082983  _GPIO_setPadConfig                        
0     000829cb  _GPIO_getPadConfig                        
0     000829ff  _GPIO_setQualificationMode                
0     00082a2b  _GPIO_getQualificationMode                
0     00082a4c  _GPIO_setQualificationPeriod              
0     00082a6e  _GPIO_setMasterCore                       
0     00082a9a  _GPIO_setAnalogMode                       
0     00082ac2  _GPIO_setPinConfig                        
0     00082ba4  _Interrupt_initModule                     
0     00082be1  _Interrupt_initVectorTable                
0     00082c01  _Interrupt_enable                         
0     00082c35  _Interrupt_disable                        
0     00082cfe  _UART1_Init                               
0     00082d78  _UART1_RX                                 
0     00082dc9  _UART1_TX                                 
0     00082e0d  FS$$DIV                                   
0     00082eb8  _main                                     
0     00082edc  _LED_Init                                 
0     00082f02  _c_int00                                  
0     00082f58  C$$EXIT                                   
0     00082f58  _abort                                    
0     00082f5a  _exit                                     
0     00082f81  _copy_in                                  
0     00082fa5  _memcpy                                   
0     00082fc2  __args_main                               
0     00082fee  __register_unlock                         
0     00082ff2  __register_lock                           
0     00082ff6  __nop                                     
0     00082ff7  __system_pre_init                         
0     00082ff9  __system_post_cinit                       
0     00086000  _RamfuncsLoadStart                        
0     000860c7  _RamfuncsLoadEnd                          
1     00000400  __stack                                   
1     00000600  __STACK_END                               
1     0000a800  _Example_Result                           
1     0000a802  _Example_PassCount                        
1     0000a804  _Example_Fail                             
1     0000a806  ___TI_enable_exit_profile_output          
1     0000a808  ___TI_cleanup_ptr                         
1     0000a80a  ___TI_dtors_ptr                           
1     0000a80c  _count_rx                                 
1     0000a80e  _count_tx                                 
1     0000a810  _c                                        
1     0000a812  _Test_FIFO                                
1     0000a814  _s                                        
1     0000a816  __lock                                    
1     0000a818  __unlock                                  
abs   000000c7  _RamfuncsLoadSize                         
abs   000000c7  _RamfuncsRunSize                          
abs   00000200  __STACK_SIZE                              
abs   ffffffff  .text                                     
abs   ffffffff  ___TI_pprof_out_hndl                      
abs   ffffffff  ___TI_prof_data_size                      
abs   ffffffff  ___TI_prof_data_start                     
abs   ffffffff  ___binit__                                
abs   ffffffff  ___c_args__                               
abs   ffffffff  ___etext__                                
abs   ffffffff  ___pinit__                                
abs   ffffffff  ___text__                                 
abs   ffffffff  binit                                     
abs   ffffffff  etext                                     
abs   ffffffff  pinit                                     

[97 symbols]
